---
http_interactions:
- request:
    method: post
    uri: https://mechanicalturk.sandbox.amazonaws.com/
    body:
      encoding: UTF-8
      string: Title=Transcribe+MP3+of+1-minute+phone+calll&Description=I+split+up+a+telephone+conversation+into+1-minute+parts%2C+you+transcribe+the+audio+for+one+1-minute+part.&AssignmentDurationInSeconds=60&Reward.Amount=0.01&Reward.CurrencyCode=USD&Keywords=transcription%2C+audio%2C+mp3&AutoApprovalDelayInSeconds=86400&QualificationRequirement.1.QualificationTypeId=000000000000000000L0&QualificationRequirement.1.Comparator=GreaterThanOrEqualTo&QualificationRequirement.1.IntegerValue=95&QualificationRequirement.1.RequiredToPreview=true&QualificationRequirement.2.QualificationTypeId=00000000000000000040&QualificationRequirement.2.Comparator=GreaterThanOrEqualTo&QualificationRequirement.2.IntegerValue=100&QualificationRequirement.2.RequiredToPreview=true&MaxAssignments=1&Question=%3CExternalQuestion+xmlns%3D%22http%3A%2F%2Fmechanicalturk.amazonaws.com%2FAWSMechanicalTurkDataSchemas%2F2006-07-14%2FExternalQuestion.xsd%22%3E%0A++%3CExternalURL%3Ehttp%3A%2F%2Fwebmasher.com%2Fmturk%2Fdummy-missing-file-u3bpg670s16mmeya%3C%2FExternalURL%3E%09%0A++%3CFrameHeight%3E400%3C%2FFrameHeight%3E%0A%3C%2FExternalQuestion%3E%0A&LifetimeInSeconds=120&RequesterAnnotation=typingpool_url%3Dhttp%253A%252F%252Fwebmasher.com%252Fmturk%252FTestTpInterview.00.00.77421e0a6302f4c8c34e24004a4ad828.YSOQJU.mp3%26amp%3Btypingpool_project_id%3D77421e0a6302f4c8c34e24004a4ad828&Operation=CreateHIT&Service=AWSMechanicalTurkRequester&AWSAccessKeyId=<AWS_KEY>&Timestamp=2013-08-24T20%3A46%3A21Z&Version=2012-03-25&Signature=5bwoR2y0eRHJxtVAHvoLP%2FCiJDM%3D
    headers:
      Accept:
      - '*/*; q=0.5, application/xml'
      Accept-Encoding:
      - gzip, deflate
      Content-Length:
      - '1540'
      User-Agent:
      - Ruby
  response:
    status:
      code: 200
      message: OK
    headers:
      Content-Type:
      - text/xml
      Transfer-Encoding:
      - chunked
      Date:
      - Sat, 24 Aug 2013 20:46:22 GMT
      Server:
      - MTurk
    body:
      encoding: UTF-8
      string: |-
        <?xml version="1.0"?>
        <CreateHITResponse><OperationRequest><RequestId>71f0e2d6-6291-4acb-b438-62770b60f02f</RequestId></OperationRequest><HIT><Request><IsValid>True</IsValid></Request><HITId>26VOBDDP8PJWYDUPK9DB6Q399CM4FI</HITId><HITTypeId>2MNUKQOYGNIWF69K0SR137SVGXNHZD</HITTypeId></HIT></CreateHITResponse>
    http_version: 
  recorded_at: Sat, 24 Aug 2013 20:46:22 GMT
- request:
    method: post
    uri: https://mechanicalturk.sandbox.amazonaws.com/
    body:
      encoding: UTF-8
      string: HITId=26VOBDDP8PJWYDUPK9DB6Q399CM4FI&ResponseGroup.0=HITDetail&ResponseGroup.1=HITQuestion&ResponseGroup.2=Minimal&ResponseGroup.3=HITAssignmentSummary&Operation=GetHIT&Service=AWSMechanicalTurkRequester&AWSAccessKeyId=<AWS_KEY>&Timestamp=2013-08-24T20%3A46%3A22Z&Version=2012-03-25&Signature=9tGwhvo9YkA8f54j0wrlVhCRIUs%3D
    headers:
      Accept:
      - '*/*; q=0.5, application/xml'
      Accept-Encoding:
      - gzip, deflate
      Content-Length:
      - '334'
      User-Agent:
      - Ruby
  response:
    status:
      code: 200
      message: OK
    headers:
      Content-Type:
      - text/xml
      Transfer-Encoding:
      - chunked
      Date:
      - Sat, 24 Aug 2013 20:46:22 GMT
      Server:
      - MTurk
    body:
      encoding: UTF-8
      string: "<?xml version=\"1.0\"?>\n<GetHITResponse><OperationRequest><RequestId>cc22bd13-b208-4a67-8ddc-e35baa0262ef</RequestId></OperationRequest><HIT><Request><IsValid>True</IsValid></Request><HITId>26VOBDDP8PJWYDUPK9DB6Q399CM4FI</HITId><HITTypeId>2MNUKQOYGNIWF69K0SR137SVGXNHZD</HITTypeId><HITGroupId>2IUC1QP6AUC2KWXIJPSX6V1GL5E07F</HITGroupId><CreationTime>2013-08-24T20:46:22Z</CreationTime><Title>Transcribe
        MP3 of 1-minute phone calll</Title><Description>I split up a telephone conversation
        into 1-minute parts, you transcribe the audio for one 1-minute part.</Description><Question>&lt;ExternalQuestion
        xmlns=\"http://mechanicalturk.amazonaws.com/AWSMechanicalTurkDataSchemas/2006-07-14/ExternalQuestion.xsd\"&gt;\n
        \ &lt;ExternalURL&gt;http://webmasher.com/mturk/dummy-missing-file-u3bpg670s16mmeya&lt;/ExternalURL&gt;\t\n
        \ &lt;FrameHeight&gt;400&lt;/FrameHeight&gt;\n&lt;/ExternalQuestion&gt;\n</Question><Keywords>transcription,
        audio, mp3</Keywords><HITStatus>Assignable</HITStatus><MaxAssignments>1</MaxAssignments><Reward><Amount>0.01</Amount><CurrencyCode>USD</CurrencyCode><FormattedPrice>$0.01</FormattedPrice></Reward><AutoApprovalDelayInSeconds>86400</AutoApprovalDelayInSeconds><Expiration>2013-08-24T20:48:22Z</Expiration><AssignmentDurationInSeconds>60</AssignmentDurationInSeconds><RequesterAnnotation>typingpool_url=http%3A%2F%2Fwebmasher.com%2Fmturk%2FTestTpInterview.00.00.77421e0a6302f4c8c34e24004a4ad828.YSOQJU.mp3&amp;amp;typingpool_project_id=77421e0a6302f4c8c34e24004a4ad828</RequesterAnnotation><QualificationRequirement><QualificationTypeId>000000000000000000L0</QualificationTypeId><Comparator>GreaterThanOrEqualTo</Comparator><IntegerValue>95</IntegerValue><RequiredToPreview>1</RequiredToPreview></QualificationRequirement><QualificationRequirement><QualificationTypeId>00000000000000000040</QualificationTypeId><Comparator>GreaterThanOrEqualTo</Comparator><IntegerValue>100</IntegerValue><RequiredToPreview>1</RequiredToPreview></QualificationRequirement><HITReviewStatus>NotReviewed</HITReviewStatus><NumberOfAssignmentsPending>0</NumberOfAssignmentsPending><NumberOfAssignmentsAvailable>1</NumberOfAssignmentsAvailable><NumberOfAssignmentsCompleted>0</NumberOfAssignmentsCompleted></HIT></GetHITResponse>"
    http_version: 
  recorded_at: Sat, 24 Aug 2013 20:46:22 GMT
- request:
    method: get
    uri: http://webmasher.com/mturk/dummy-missing-file-u3bpg670s16mmeya
    body:
      encoding: US-ASCII
      string: ''
    headers:
      Accept-Encoding:
      - gzip;q=1.0,deflate;q=0.6,identity;q=0.3
      Accept:
      - '*/*'
      User-Agent:
      - Ruby
  response:
    status:
      code: 404
      message: Not Found
    headers:
      Date:
      - Sat, 24 Aug 2013 20:46:23 GMT
      Server:
      - Apache/2.2.14 (Ubuntu)
      Vary:
      - Accept-Encoding
      Content-Length:
      - '263'
      Connection:
      - close
      Content-Type:
      - text/html; charset=iso-8859-1
    body:
      encoding: UTF-8
      string: |
        <!DOCTYPE HTML PUBLIC "-//IETF//DTD HTML 2.0//EN">
        <html><head>
        <title>404 Not Found</title>
        </head><body>
        <h1>Not Found</h1>
        <p>The requested URL /mturk/dummy-missing-file-u3bpg670s16mmeya was not found on this server.</p>
        <hr>
        <address>Apache/2.2.14 (Ubuntu) Server at webmasher.com Port 80</address>
        </body></html>
    http_version: 
  recorded_at: Sat, 24 Aug 2013 20:46:23 GMT
- request:
    method: get
    uri: http://webmasher.com/mturk/dummy-missing-file-u3bpg670s16mmeya
    body:
      encoding: US-ASCII
      string: ''
    headers:
      Accept-Encoding:
      - gzip;q=1.0,deflate;q=0.6,identity;q=0.3
      Accept:
      - '*/*'
      User-Agent:
      - Ruby
  response:
    status:
      code: 404
      message: Not Found
    headers:
      Date:
      - Sat, 24 Aug 2013 20:46:24 GMT
      Server:
      - Apache/2.2.14 (Ubuntu)
      Vary:
      - Accept-Encoding
      Content-Length:
      - '263'
      Connection:
      - close
      Content-Type:
      - text/html; charset=iso-8859-1
    body:
      encoding: UTF-8
      string: |
        <!DOCTYPE HTML PUBLIC "-//IETF//DTD HTML 2.0//EN">
        <html><head>
        <title>404 Not Found</title>
        </head><body>
        <h1>Not Found</h1>
        <p>The requested URL /mturk/dummy-missing-file-u3bpg670s16mmeya was not found on this server.</p>
        <hr>
        <address>Apache/2.2.14 (Ubuntu) Server at webmasher.com Port 80</address>
        </body></html>
    http_version: 
  recorded_at: Sat, 24 Aug 2013 20:46:24 GMT
- request:
    method: post
    uri: https://mechanicalturk.sandbox.amazonaws.com/
    body:
      encoding: UTF-8
      string: HITId=26VOBDDP8PJWYDUPK9DB6Q399CM4FI&Operation=DisableHIT&Service=AWSMechanicalTurkRequester&AWSAccessKeyId=<AWS_KEY>&Timestamp=2013-08-24T20%3A46%3A24Z&Version=2012-03-25&Signature=2nwc%2BT%2FR12hXPAZZIv87Bb3ofSY%3D
    headers:
      Accept:
      - '*/*; q=0.5, application/xml'
      Accept-Encoding:
      - gzip, deflate
      Content-Length:
      - '227'
      User-Agent:
      - Ruby
  response:
    status:
      code: 200
      message: OK
    headers:
      Content-Type:
      - text/xml
      Transfer-Encoding:
      - chunked
      Date:
      - Sat, 24 Aug 2013 20:46:25 GMT
      Server:
      - MTurk
    body:
      encoding: UTF-8
      string: |-
        <?xml version="1.0"?>
        <DisableHITResponse><OperationRequest><RequestId>8b952043-b332-48cf-a4ad-7d74f3e29f4e</RequestId></OperationRequest><DisableHITResult><Request><IsValid>True</IsValid></Request></DisableHITResult></DisableHITResponse>
    http_version: 
  recorded_at: Sat, 24 Aug 2013 20:46:26 GMT
recorded_with: VCR 2.5.0
